com.coradec.coradoc.token.Whitespace
com.coradec.coradoc.token.StringToken
com.coradec.coradoc.token.BadStringToken
com.coradec.coradoc.token.Whitespace
com.coradec.coradoc.token.StringToken
com.coradec.coradoc.token.BadStringToken
com.coradec.coradoc.token.Whitespace
com.coradec.coradoc.token.BadStringToken
com.coradec.coradoc.token.Whitespace
com.coradec.coradoc.token.BadStringToken
com.coradec.coradoc.token.Whitespace
com.coradec.coradoc.token.BadStringToken
com.coradec.coradoc.token.Whitespace
com.coradec.coradoc.token.BadStringToken
com.coradec.coradoc.token.Whitespace
com.coradec.coradoc.token.HashToken
com.coradec.coradoc.token.Delimiter
com.coradec.coradoc.token.Whitespace
com.coradec.coradoc.token.Delimiter
com.coradec.coradoc.token.Whitespace
com.coradec.coradoc.token.Matcher
com.coradec.coradoc.token.Whitespace
com.coradec.coradoc.token.Delimiter
com.coradec.coradoc.token.Whitespace
com.coradec.coradoc.token.ParenthOpen
com.coradec.coradoc.token.Whitespace
com.coradec.coradoc.token.ParenthClose
com.coradec.coradoc.token.Whitespace
com.coradec.coradoc.token.Matcher
com.coradec.coradoc.token.Whitespace
com.coradec.coradoc.token.Delimiter
com.coradec.coradoc.token.Whitespace
com.coradec.coradoc.token.CDC
com.coradec.coradoc.token.Whitespace
com.coradec.coradoc.token.Identifier
com.coradec.coradoc.token.Delimiter
com.coradec.coradoc.token.Whitespace
com.coradec.coradoc.token.IntegerToken
com.coradec.coradoc.token.Whitespace
com.coradec.coradoc.token.RealToken
com.coradec.coradoc.token.Whitespace
com.coradec.coradoc.token.RealToken
com.coradec.coradoc.token.Whitespace
com.coradec.coradoc.token.RealToken
com.coradec.coradoc.token.Whitespace
com.coradec.coradoc.token.RealToken
com.coradec.coradoc.token.Whitespace
com.coradec.coradoc.token.RealToken
com.coradec.coradoc.token.Whitespace
com.coradec.coradoc.token.IntegerDimension
com.coradec.coradoc.token.Whitespace
com.coradec.coradoc.token.IntegerDimension
com.coradec.coradoc.token.Whitespace
com.coradec.coradoc.token.RealDimension
com.coradec.coradoc.token.Whitespace
com.coradec.coradoc.token.RealDimension
com.coradec.coradoc.token.Whitespace
com.coradec.coradoc.token.RealDimension
com.coradec.coradoc.token.Whitespace
com.coradec.coradoc.token.RealDimension
com.coradec.coradoc.token.Whitespace
com.coradec.coradoc.token.IntegerPercentage
com.coradec.coradoc.token.Whitespace
com.coradec.coradoc.token.RealPercentage
com.coradec.coradoc.token.Whitespace
com.coradec.coradoc.token.RealPercentage
com.coradec.coradoc.token.Whitespace
com.coradec.coradoc.token.Delimiter
com.coradec.coradoc.token.Whitespace
com.coradec.coradoc.token.IntegerToken
com.coradec.coradoc.token.Whitespace
com.coradec.coradoc.token.IntegerToken
com.coradec.coradoc.token.Whitespace
com.coradec.coradoc.token.IntegerToken
com.coradec.coradoc.token.Whitespace
com.coradec.coradoc.token.IntegerToken
com.coradec.coradoc.token.Whitespace
com.coradec.coradoc.token.IntegerToken
com.coradec.coradoc.token.Whitespace
com.coradec.coradoc.token.IntegerToken
com.coradec.coradoc.token.Whitespace
com.coradec.coradoc.token.IntegerToken
com.coradec.coradoc.token.Whitespace
com.coradec.coradoc.token.IntegerToken
com.coradec.coradoc.token.Whitespace
com.coradec.coradoc.token.IntegerToken
com.coradec.coradoc.token.Whitespace
com.coradec.coradoc.token.IntegerToken
com.coradec.coradoc.token.Whitespace
com.coradec.coradoc.token.IntegerToken
com.coradec.coradoc.token.Whitespace
com.coradec.coradoc.token.IntegerToken
com.coradec.coradoc.token.Whitespace
com.coradec.coradoc.token.IntegerToken
com.coradec.coradoc.token.Whitespace
com.coradec.coradoc.token.IntegerToken
com.coradec.coradoc.token.Whitespace
com.coradec.coradoc.token.RealToken
com.coradec.coradoc.token.Whitespace
com.coradec.coradoc.token.RealToken
com.coradec.coradoc.token.Whitespace
com.coradec.coradoc.token.RealToken
com.coradec.coradoc.token.Whitespace
com.coradec.coradoc.token.RealToken
com.coradec.coradoc.token.Whitespace
com.coradec.coradoc.token.RealToken
com.coradec.coradoc.token.Whitespace
com.coradec.coradoc.token.IntegerDimension
com.coradec.coradoc.token.Whitespace
com.coradec.coradoc.token.IntegerDimension
com.coradec.coradoc.token.Whitespace
com.coradec.coradoc.token.RealDimension
com.coradec.coradoc.token.Whitespace
com.coradec.coradoc.token.RealDimension
com.coradec.coradoc.token.Whitespace
com.coradec.coradoc.token.RealDimension
com.coradec.coradoc.token.Whitespace
com.coradec.coradoc.token.RealDimension
com.coradec.coradoc.token.Whitespace
com.coradec.coradoc.token.IntegerPercentage
com.coradec.coradoc.token.Whitespace
com.coradec.coradoc.token.RealPercentage
com.coradec.coradoc.token.Whitespace
com.coradec.coradoc.token.RealPercentage
com.coradec.coradoc.token.Whitespace
com.coradec.coradoc.token.Delimiter
com.coradec.coradoc.token.Whitespace
com.coradec.coradoc.token.Comma
com.coradec.coradoc.token.Whitespace
com.coradec.coradoc.token.Delimiter
com.coradec.coradoc.token.Whitespace
com.coradec.coradoc.token.RealToken
com.coradec.coradoc.token.Whitespace
com.coradec.coradoc.token.Delimiter
com.coradec.coradoc.token.Delimiter
com.coradec.coradoc.token.Whitespace
com.coradec.coradoc.token.RealToken
com.coradec.coradoc.token.Whitespace
com.coradec.coradoc.token.RealToken
com.coradec.coradoc.token.Whitespace
com.coradec.coradoc.token.RealDimension
com.coradec.coradoc.token.Whitespace
com.coradec.coradoc.token.RealDimension
com.coradec.coradoc.token.Semicolon
com.coradec.coradoc.token.Whitespace
com.coradec.coradoc.token.Delimiter
com.coradec.coradoc.token.Whitespace
com.coradec.coradoc.token.Delimiter
com.coradec.coradoc.token.Delimiter
com.coradec.coradoc.token.Whitespace
com.coradec.coradoc.token.Colon
com.coradec.coradoc.token.Whitespace
com.coradec.coradoc.token.Colon
com.coradec.coradoc.token.IntegerToken
com.coradec.coradoc.token.Whitespace
com.coradec.coradoc.token.Semicolon
com.coradec.coradoc.token.Whitespace
com.coradec.coradoc.token.Semicolon
com.coradec.coradoc.token.Semicolon
com.coradec.coradoc.token.Whitespace
com.coradec.coradoc.token.CDO
com.coradec.coradoc.token.Whitespace
com.coradec.coradoc.token.Identifier
com.coradec.coradoc.token.Whitespace
com.coradec.coradoc.token.CDC
com.coradec.coradoc.token.Whitespace
com.coradec.coradoc.token.Delimiter
com.coradec.coradoc.token.Whitespace
com.coradec.coradoc.token.AtKeyword
com.coradec.coradoc.token.Semicolon
com.coradec.coradoc.token.Whitespace
com.coradec.coradoc.token.BracketOpen
com.coradec.coradoc.token.Identifier
com.coradec.coradoc.token.BracketClose
com.coradec.coradoc.token.Whitespace
com.coradec.coradoc.token.Matcher
com.coradec.coradoc.token.Whitespace
com.coradec.coradoc.token.Delimiter
com.coradec.coradoc.token.Whitespace
com.coradec.coradoc.token.CurlyOpen
com.coradec.coradoc.token.Identifier
com.coradec.coradoc.token.CurlyClose
com.coradec.coradoc.token.Whitespace
com.coradec.coradoc.token.Identifier
com.coradec.coradoc.token.Whitespace
com.coradec.coradoc.token.Identifier
com.coradec.coradoc.token.Delimiter
com.coradec.coradoc.token.Whitespace
com.coradec.coradoc.token.UnicodeRange
com.coradec.coradoc.token.Whitespace
com.coradec.coradoc.token.UnicodeRange
com.coradec.coradoc.token.Whitespace
com.coradec.coradoc.token.UnicodeRange
com.coradec.coradoc.token.IntegerToken
com.coradec.coradoc.token.Whitespace
com.coradec.coradoc.token.UnicodeRange
com.coradec.coradoc.token.Delimiter
com.coradec.coradoc.token.Whitespace
com.coradec.coradoc.token.UnicodeRange
com.coradec.coradoc.token.Whitespace
com.coradec.coradoc.token.UnicodeRange
com.coradec.coradoc.token.Identifier
com.coradec.coradoc.token.Delimiter
com.coradec.coradoc.token.Whitespace
com.coradec.coradoc.token.UnicodeRange
com.coradec.coradoc.token.Whitespace
com.coradec.coradoc.token.Delimiter
com.coradec.coradoc.token.Whitespace
com.coradec.coradoc.token.Matcher
com.coradec.coradoc.token.Whitespace
com.coradec.coradoc.token.Column
com.coradec.coradoc.token.Whitespace
com.coradec.coradoc.token.Column
com.coradec.coradoc.token.Delimiter
com.coradec.coradoc.token.Whitespace
com.coradec.coradoc.token.Delimiter
com.coradec.coradoc.token.Whitespace
com.coradec.coradoc.token.Matcher
com.coradec.coradoc.token.Whitespace
com.coradec.coradoc.token.Delimiter
com.coradec.coradoc.token.Matcher
com.coradec.coradoc.token.Whitespace
com.coradec.coradoc.token.Identifier
com.coradec.coradoc.token.Whitespace
com.coradec.coradoc.token.Identifier
com.coradec.coradoc.token.Whitespace
com.coradec.coradoc.token.Identifier
com.coradec.coradoc.token.Whitespace
com.coradec.coradoc.token.Identifier
com.coradec.coradoc.token.Whitespace
com.coradec.coradoc.token.Identifier
com.coradec.coradoc.token.Whitespace
com.coradec.coradoc.token.Identifier
com.coradec.coradoc.token.Delimiter
com.coradec.coradoc.token.Identifier
com.coradec.coradoc.token.Whitespace
com.coradec.coradoc.token.Delimiter
com.coradec.coradoc.token.Delimiter
com.coradec.coradoc.token.EOF
